unknown
(objectives
 (x  (interval (/ 741455.0 524288.0) (/ 4133750873887694826665497936027618045008388391659.0
   2923003274661805836407369665432566039311865085952.0)))
)
unknown
(objectives
 (x  (interval (/ 741455.0 524288.0) (/ 4133750873887694826665497936027618045008388391659.0
   2923003274661805836407369665432566039311865085952.0)))
)
sat
(objectives
 (x (+ (root-obj (+ (^ x 2) (- 2)) 2) (* (- 1.0) epsilon)))
)
sat
(objectives
 (x 1)
)
sat
(objectives
 (x (+ (root-obj (+ (^ x 2) (- 2)) 2) (* (- 1.0) epsilon)))
)
